Traceback (most recent call last):
  File "<frozen runpy>", line 198, in _run_module_as_main
  File "<frozen runpy>", line 88, in _run_code
  File "C:\Users\hp\AppData\Roaming\Python\Python313\site-packages\flask\__main__.py", line 3, in <module>
    main()
    ~~~~^^
  File "C:\Users\hp\AppData\Roaming\Python\Python313\site-packages\flask\cli.py", line 1131, in main
    cli.main()
    ~~~~~~~~^^
  File "C:\Users\hp\AppData\Roaming\Python\Python313\site-packages\click\core.py", line 1363, in main
    rv = self.invoke(ctx)
  File "C:\Users\hp\AppData\Roaming\Python\Python313\site-packages\click\core.py", line 1830, in invoke
    return _process_result(sub_ctx.command.invoke(sub_ctx))
                           ~~~~~~~~~~~~~~~~~~~~~~^^^^^^^^^
  File "C:\Users\hp\AppData\Roaming\Python\Python313\site-packages\click\core.py", line 1226, in invoke
    return ctx.invoke(self.callback, **ctx.params)
           ~~~~~~~~~~^^^^^^^^^^^^^^^^^^^^^^^^^^^^^
  File "C:\Users\hp\AppData\Roaming\Python\Python313\site-packages\click\core.py", line 794, in invoke
    return callback(*args, **kwargs)
  File "C:\Users\hp\AppData\Roaming\Python\Python313\site-packages\click\decorators.py", line 93, in new_func
    return ctx.invoke(f, obj, *args, **kwargs)
           ~~~~~~~~~~^^^^^^^^^^^^^^^^^^^^^^^^^
  File "C:\Users\hp\AppData\Roaming\Python\Python313\site-packages\click\core.py", line 794, in invoke
    return callback(*args, **kwargs)
  File "C:\Users\hp\AppData\Roaming\Python\Python313\site-packages\flask\cli.py", line 979, in run_command
    raise e from None
  File "C:\Users\hp\AppData\Roaming\Python\Python313\site-packages\flask\cli.py", line 963, in run_command
    app: WSGIApplication = info.load_app()  # pyright: ignore
                           ~~~~~~~~~~~~~^^
  File "C:\Users\hp\AppData\Roaming\Python\Python313\site-packages\flask\cli.py", line 349, in load_app
    app = locate_app(import_name, name)
  File "C:\Users\hp\AppData\Roaming\Python\Python313\site-packages\flask\cli.py", line 245, in locate_app
    __import__(module_name)
    ~~~~~~~~~~^^^^^^^^^^^^^
  File "C:\Users\hp\OneDrive\Desktop\hostel_pg_management (5)\hostel_pg_management\app.py", line 54, in <module>
    app = create_app()
  File "C:\Users\hp\OneDrive\Desktop\hostel_pg_management (5)\hostel_pg_management\app.py", line 29, in create_app
    init_db()
    ~~~~~~~^^
  File "C:\Users\hp\OneDrive\Desktop\hostel_pg_management (5)\hostel_pg_management\database\db.py", line 92, in init_db
    print("\u2705 Database initialized successfully!")
    ~~~~~^^^^^^^^^^^^^^^^^^^^^^^^^^^^^^^^^^^^^^^^^
  File "C:\Program Files\Python313\Lib\encodings\cp1252.py", line 19, in encode
    return codecs.charmap_encode(input,self.errors,encoding_table)[0]
           ~~~~~~~~~~~~~~~~~~~~~^^^^^^^^^^^^^^^^^^^^^^^^^^^^^^^^^^
UnicodeEncodeError: 'charmap' codec can't encode character '\u2705' in position 0: character maps to <undefined>
